[40m[2J[6C[0mÜ[1;30;46mß[34mßß[47mß[30mÛ[40m
[47m[34;44mֽֽֽֽֽ[37;40mÛ[36mÛÛÛ[37;47mÛ[0mÛ[1;30;47mÛ[34;44mֽֽֽֽֽֽֽֽֽֽֽֽֽֽֽֽֽֽֽֽֽֽֽֽֽֽֽֽֽֽֽֽֽֽֽֽֽֽֽֽֽֽֽֽֽֽֽֽֽֽ[33mArea de Archivos[34mֽֽ[0;34mתתתתת[1;37mÛ[47mßßß[40mÛ[0mß[34mתתתתתתתתתתתתתתתתתתתתתתתתתתתתתתתתתתתתתתתתתתתתתתתתתתתתתתתתתתתתתתתתתתתתת
















תתתתתתתתתתתתתתתתתתתתתתתתתתתתתתתתתתתתתתתתתתתתתתתתתתתתתתתתתתתתתתתתתתתתתתתתתתתתתתתת   [1;36mRecibir Archivo[5CEnviar Archivo[6CCambiar Area[8CMen£ Principal
[34;44mֽֽֽֽֽֽֽֽֽֽֽֽֽֽֽֽֽֽֽֽֽֽֽֽֽֽֽֽֽֽֽֽֽֽֽֽֽֽֽֽֽֽֽֽֽֽֽֽֽֽֽֽֽֽֽֽֽֽֽֽֽֽֽֽֽֽֽֽֽֽֽֽֽֽֽֽֽֽֽֽ[0m
