[40m[2J[8C[0;1;33mßß
[34;44mֽֽֽֽֽֽֽ[33mß[40mÛÛ[34;44mֽֽֽֽֽֽֽֽֽֽֽֽֽֽֽֽֽֽֽֽֽֽֽֽֽֽֽֽֽֽֽֽֽֽֽֽֽֽֽֽֽֽֽֽֽ[33mInformaci¢n del sistema[34mֽֽ[0;34mתתתתתתת[1;33mÜÛÛÜ[0;34mתתתתתתתתתתתתתתתתתתתתתתתתתתתתתתתתתתתתתתתתתתתתתתתתתתתתתתתתתתתתתתתתתתתתתÜÜÜÜÜÜÜÜÜÜÜÜÜÜÜÜÜÜÜÜÜÜÜÜÜÜÜÜÜÜÜÜÜÜÜÜÜÜÜÜÜÜÜÜÜÜ
[44m  [1;37mPRemote Versi¢n Beta 1.0  [36mBy Dar¡o Ruellan [0;34mÛ
ßßßßßßßßßßßßßßßßßßßßßßßßßßßßßßßßßßßßßßßßßßßßßß














תתתתתתתתתתתתתתתתתתתתתתתתתתתתתתתתתתתתתתתתתתתתתתתתתתתתתתתתתתתתתתתתתתתתתתתתתתתתתתתת[1;44mֽֽֽֽֽֽֽֽֽֽֽֽֽֽֽֽֽֽֽֽֽֽֽֽֽֽֽֽֽֽֽֽֽֽֽֽֽֽֽֽֽֽֽֽֽֽֽֽֽֽֽֽֽֽֽֽֽֽֽֽֽֽֽֽֽֽֽֽֽֽֽֽֽֽֽֽֽֽֽֽ[0m
