[40m[2J[6C[47m [0;34;47mננ  [1;30;40m÷
[34;44mÍÍÍÍÍÍ[47m [0;34;47mנננ [1;30;40m÷[34;44mÍÍÍÍÍÍÍÍÍÍÍÍÍÍÍÍÍÍÍÍÍÍÍÍÍÍÍÍÍÍÍÍÍÍÍÍÍÍÍÍÍÍÍÍÍÍÍÍÍÍ[33mArea de Mensajes[34mÍÍ[0;34mתתתתתת[47m נננ [1;30;40m÷[0;34mתתתתתתתתתתתתתתתתתתתתתתתתתתתתתתתתתתתתתתתתתתתתתתתתתתתתתתתתתתתתתתתתתתתת
















תתתתתתתתתתתתתתתתתתתתתתתתתתתתתתתתתתתתתתתתתתתתתתתתתתתתתתתתתתתתתתתתתתתתתתתתתתתתתתתת   [1;36mLeer Mensaje[8CEnviar Mensaje[6CMen£ Principal
[34;44mÍÍÍÍÍÍÍÍÍÍÍÍÍÍÍÍÍÍÍÍÍÍÍÍÍÍÍÍÍÍÍÍÍÍÍÍÍÍÍÍÍÍÍÍÍÍÍÍÍÍÍÍÍÍÍÍÍÍÍÍÍÍÍÍÍÍÍÍÍÍÍÍÍÍÍÍÍÍÍÍ[0m
