[40m[2J[3C[0mÜÜÜÜ[1;30;47mßßß[40mÛÜ
[34;44mֽֽ[0;44mßÜÜÜ[1;30;40mÛÛÛÛ[47mÜÜ[0;44mßßßÜ[1;34mֽֽֽֽֽֽֽֽֽֽֽֽֽֽֽֽֽֽֽֽֽֽֽֽֽֽֽֽֽֽֽֽֽֽֽֽֽֽֽֽֽֽֽֽֽֽֽֽ[33mMen£ Principal[34mֽֽ[0;34mתתתתתתת[1;30mÛÛÛß[0;34mת[37mßßß[34mתתתתתתתתתתתתתתתתתתתתתתתתתתתתתתתתתתתתתתתתתתתתתתתתתתתתתתתתתתתתתתתתת[31C[1;36mArea de Archivos
[31CArea de Mensajes
[31CHablar con el Sysop
[31CDos Remoto
[31CInformaci¢n
[31CSalir del BBS
[15C[0;34mתתתתתתתתתתתתתתתתתתתתתתתתתתתתתתתתתתתתתתתתתתתתתת
[15C[1;44mֽֽֽֽֽֽֽֽֽֽֽֽֽֽֽֽֽֽֽֽֽֽֽֽֽֽֽֽֽֽֽֽֽֽֽֽֽֽֽֽֽֽֽֽֽֽ[40m
[44m[40m
[44m[40m
[44m[40m
[44m[40m
[44m[40m
[44m[40m
[44m[40m
[44m[40m
[44m[40m
[44m[40m
[44m[40m
[44m[0m
